// Jest Snapshot v1, https://goo.gl/fbAQLP

exports[`phone number generator 1`] = `
Array [
  "83740463",
  "97478340",
  "81216217",
  "94954094",
  "88691971",
  "92429848",
  "86167725",
  "99905602",
  "83643479",
  "97381356",
  "81119233",
  "94857110",
  "88594987",
  "92332864",
  "86070741",
  "99808618",
  "83546495",
  "97284372",
  "81022249",
  "94760126",
  "88498003",
  "92235880",
  "85973757",
  "99711634",
  "83449511",
  "97187388",
  "80925265",
  "94663142",
  "88401019",
  "92138896",
  "85876773",
  "99614650",
  "83352527",
  "97090404",
  "80828281",
  "94566158",
  "88304035",
  "92041912",
  "85779789",
  "99517666",
  "83255543",
  "96993420",
  "80731297",
  "94469174",
  "88207051",
  "91944928",
  "85682805",
  "99420682",
  "83158559",
  "96896436",
  "80634313",
  "94372190",
  "88110067",
  "91847944",
  "85585821",
  "99323698",
  "83061575",
  "96799452",
  "80537329",
  "94275206",
  "88013083",
  "91750960",
  "85488837",
  "99226714",
  "82964591",
  "96702468",
  "80440345",
  "94178222",
  "87916099",
  "91653976",
  "85391853",
  "99129730",
  "82867607",
  "96605484",
  "80343361",
  "94081238",
  "87819115",
  "91556992",
  "85294869",
  "99032746",
  "82770623",
  "96508500",
  "80246377",
  "93984254",
  "87722131",
  "91460008",
  "85197885",
  "98935762",
  "82673639",
  "96411516",
  "80149393",
  "93887270",
  "87625147",
  "91363024",
  "85100901",
  "98838778",
  "82576655",
  "96314532",
  "80052409",
  "93790286",
]
`;
